A51 MACRO ASSEMBLER  LAB3TASK1                                                            09/11/2014 12:46:14 PAGE     1


MACRO ASSEMBLER A51 V8.02b
OBJECT MODULE PLACED IN Lab3Task1.OBJ
ASSEMBLER INVOKED BY: C:\Keil_v5\C51\BIN\A51.EXE Lab3Task1.a51 SET(SMALL) DEBUG EP

LOC  OBJ            LINE     SOURCE

0000                   1                     ORG 0000h
                       2                     
0000 7400              3                     MOV A, #0H
0002 7800              4                     MOV R0,#0H
0004 7900              5                     MOV R1,#0H
0006 7A00              6                     MOV R2,#0H
0008 7BFF              7                     MOV R3,#0FFH ;Start R3 as 255
                       8                     
000A 2A                9     LOOP:   ADD A,R2 
000B 0A               10                     INC R2
000C 08               11                     INC R0       ;Increment low byte
000D 50FB             12                     JNC LOOP     ;If no carry add next value to A
000F 09               13                     INC R1       ;Increment high byte if cy = 1
0010 DBF8             14                     DJNZ R3,LOOP ;Repeat 255 times
                      15                     
                      16                     END
A51 MACRO ASSEMBLER  LAB3TASK1                                                            09/11/2014 12:46:14 PAGE     2

SYMBOL TABLE LISTING
------ ----- -------


N A M E             T Y P E  V A L U E   ATTRIBUTES

LOOP . . . . . . .  C ADDR   000AH   A   


REGISTER BANK(S) USED: 0 


ASSEMBLY COMPLETE.  0 WARNING(S), 0 ERROR(S)
