A51 MACRO ASSEMBLER  LAB5TASK1                                                            10/03/2014 10:44:25 PAGE     1


MACRO ASSEMBLER A51 V8.02b
OBJECT MODULE PLACED IN Lab5Task1.OBJ
ASSEMBLER INVOKED BY: C:\Keil_v5\C51\BIN\A51.EXE Lab5Task1.a51 SET(SMALL) DEBUG EP

LOC  OBJ            LINE     SOURCE

                       1     ; This program is called "My Little Chasing Cat".
                       2     
                       3     ; 1. Type in the program, compile and simulate it.
                       4     
                       5     ; 2. Observe what happens on port P1
                       6     
                       7     ; "My Little Chasing Cat".
                       8     
0000                   9     ORG     0000H
                      10     
0000 020030           11     LJMP MAIN
                      12     
0030                  13     ORG 0030H
                      14     
0030                  15     MAIN:
                      16     
0030 7401             17                     MOV A, #01H
0032 7808             18                     MOV R0,#08H
0034 7C08             19                     MOV R4,#08H
                      20     
0036 F590             21     LOOP:   MOV P1, A
                      22                     
0038 113C             23                     ACALL DELAY
003A 80FA             24                     SJMP    LOOP
                      25                     
003C                  26     DELAY:
003C 7BFF             27                     MOV R3, #0FFH
                      28     
003E 79FF             29     DLY0:   MOV R1, #0FFH
                      30             
0040 7AFF             31     DLY1:   MOV R2, #0FFH
                      32     
0042 DAFE             33     DLY2:   DJNZ R2, DLY2
                      34     
0044 D9FA             35                     DJNZ R1, DLY1
                      36     
0046 DBF6             37                     DJNZ R3, DLY0
0048 22               38                     RET
                      39     
                      40     END
A51 MACRO ASSEMBLER  LAB5TASK1                                                            10/03/2014 10:44:25 PAGE     2

SYMBOL TABLE LISTING
------ ----- -------


N A M E             T Y P E  V A L U E   ATTRIBUTES

DELAY. . . . . . .  C ADDR   003CH   A   
DLY0 . . . . . . .  C ADDR   003EH   A   
DLY1 . . . . . . .  C ADDR   0040H   A   
DLY2 . . . . . . .  C ADDR   0042H   A   
LOOP . . . . . . .  C ADDR   0036H   A   
MAIN . . . . . . .  C ADDR   0030H   A   
P1 . . . . . . . .  D ADDR   0090H   A   


REGISTER BANK(S) USED: 0 


ASSEMBLY COMPLETE.  0 WARNING(S), 0 ERROR(S)
