A51 MACRO ASSEMBLER  LAB5TASK1                                                            10/03/2014 11:23:00 PAGE     1


MACRO ASSEMBLER A51 V8.02b
OBJECT MODULE PLACED IN Lab5Task1.OBJ
ASSEMBLER INVOKED BY: C:\Keil_v5\C51\BIN\A51.EXE Lab5Task1.a51 SET(SMALL) DEBUG EP

LOC  OBJ            LINE     SOURCE

                       1     ; This program is called "My Little Chasing Cat".
                       2     
                       3     ; 1. Type in the program, compile and simulate it.
                       4     
                       5     ; 2. Observe what happens on port P1
                       6     
                       7     ; "My Little Chasing Cat".
                       8     
0000                   9     ORG     0000H
0000 020030           10     LJMP MAIN
0030                  11     ORG 0030H
                      12     
0030 7401             13     MAIN:   MOV A, #01H
                      14     
                      15     
0032                  16     LOOP:   
0032 7807             17                     MOV R0,#07H
0034 7C07             18                     MOV R4,#07H
                      19             
0036 F590             20     AGAIN:  MOV P1, A
0038 23               21                     RL A
0039 1146             22                     ACALL DELAY
003B D8F9             23                     DJNZ R0,AGAIN
003D F590             24     NEXT:   MOV P1, A
003F 03               25                     RR A
0040 1146             26                     ACALL DELAY
0042 DCF9             27                     DJNZ R4,NEXT
                      28     
0044 80EC             29                     SJMP    LOOP
                      30                     
0046 7B1F             31     DELAY:  MOV R3, #01FH
0048 79FF             32     DLY0:   MOV R1, #0FFH
004A 7AFF             33     DLY1:   MOV R2, #0FFH
004C DAFE             34     DLY2:   DJNZ R2, DLY2
004E D9FA             35                     DJNZ R1, DLY1
0050 DBF6             36                     DJNZ R3, DLY0
0052 22               37                     RET
                      38     END
A51 MACRO ASSEMBLER  LAB5TASK1                                                            10/03/2014 11:23:00 PAGE     2

SYMBOL TABLE LISTING
------ ----- -------


N A M E             T Y P E  V A L U E   ATTRIBUTES

AGAIN. . . . . . .  C ADDR   0036H   A   
DELAY. . . . . . .  C ADDR   0046H   A   
DLY0 . . . . . . .  C ADDR   0048H   A   
DLY1 . . . . . . .  C ADDR   004AH   A   
DLY2 . . . . . . .  C ADDR   004CH   A   
LOOP . . . . . . .  C ADDR   0032H   A   
MAIN . . . . . . .  C ADDR   0030H   A   
NEXT . . . . . . .  C ADDR   003DH   A   
P1 . . . . . . . .  D ADDR   0090H   A   


REGISTER BANK(S) USED: 0 


ASSEMBLY COMPLETE.  0 WARNING(S), 0 ERROR(S)
