A51 MACRO ASSEMBLER  LAB5TASK1                                                            10/03/2014 11:29:58 PAGE     1


MACRO ASSEMBLER A51 V8.02b
OBJECT MODULE PLACED IN Lab5Task1.OBJ
ASSEMBLER INVOKED BY: C:\Keil_v5\C51\BIN\A51.EXE Lab5Task1.a51 SET(SMALL) DEBUG EP

LOC  OBJ            LINE     SOURCE

                       1     ; This program is called "My Little Chasing Cat".
                       2     
                       3     ; 1. Type in the program, compile and simulate it.
                       4     
                       5     ; 2. Observe what happens on port P1
                       6     
                       7     ; "My Little Chasing Cat".
                       8     
0000                   9     ORG     0000H
0000 020030           10     LJMP MAIN
0030                  11     ORG 0030H
                      12     
0030 7401             13     MAIN:   MOV A, #01H
                      14     
                      15     
0032                  16     LOOP:   
0032 1143             17                     ACALL BOUNCE
                      18     
0034 80FC             19                     SJMP    LOOP
                      20                     
0036 7B1F             21     DELAY:  MOV R3, #01FH
0038 79FF             22     DLY0:   MOV R1, #0FFH
003A 7AFF             23     DLY1:   MOV R2, #0FFH
003C DAFE             24     DLY2:   DJNZ R2, DLY2
003E D9FA             25                     DJNZ R1, DLY1
0040 DBF6             26                     DJNZ R3, DLY0
0042 22               27                     RET
0043                  28     BOUNCE:         
0043 7807             29                     MOV R0,#07H
0045 7C07             30                     MOV R4,#07H
                      31             
0047 F590             32     AGAIN:  MOV P1, A
0049 23               33                     RL A
004A 1136             34                     ACALL DELAY
004C D8F9             35                     DJNZ R0,AGAIN
004E F590             36     NEXT:   MOV P1, A
0050 03               37                     RR A
0051 1136             38                     ACALL DELAY
0053 DCF9             39                     DJNZ R4,NEXT
0055 22               40                     RET
                      41                     
                      42     END
A51 MACRO ASSEMBLER  LAB5TASK1                                                            10/03/2014 11:29:58 PAGE     2

SYMBOL TABLE LISTING
------ ----- -------


N A M E             T Y P E  V A L U E   ATTRIBUTES

AGAIN. . . . . . .  C ADDR   0047H   A   
BOUNCE . . . . . .  C ADDR   0043H   A   
DELAY. . . . . . .  C ADDR   0036H   A   
DLY0 . . . . . . .  C ADDR   0038H   A   
DLY1 . . . . . . .  C ADDR   003AH   A   
DLY2 . . . . . . .  C ADDR   003CH   A   
LOOP . . . . . . .  C ADDR   0032H   A   
MAIN . . . . . . .  C ADDR   0030H   A   
NEXT . . . . . . .  C ADDR   004EH   A   
P1 . . . . . . . .  D ADDR   0090H   A   


REGISTER BANK(S) USED: 0 


ASSEMBLY COMPLETE.  0 WARNING(S), 0 ERROR(S)
