A51 MACRO ASSEMBLER  LAB5TASK1                                                            10/10/2014 09:40:03 PAGE     1


MACRO ASSEMBLER A51 V8.02b
OBJECT MODULE PLACED IN Lab5Task1.OBJ
ASSEMBLER INVOKED BY: C:\Keil_v5\C51\BIN\A51.EXE Lab5Task1.a51 SET(SMALL) DEBUG EP

LOC  OBJ            LINE     SOURCE

                       1     ; This program is called "My Little Chasing Cat".
                       2     
                       3     ; 1. Type in the program, compile and simulate it.
                       4     
                       5     ; 2. Observe what happens on port P1
                       6     
                       7     ; "My Little Chasing Cat".
                       8     
0000                   9     ORG     0000H
0000 020030           10     LJMP MAIN
0030                  11     ORG 0030H
                      12     
0030                  13     MAIN:   
0030 D287             14                     SETB P0.7
0032                  15     LOOP:   
0032 308702           16                     JNB P0.7,PINON
0035 1148             17                     ACALL BOUNC             
0037 115D             18     PINON:  ACALL CHASE
0039 80F7             19                     SJMP    LOOP
                      20                     
003B 7B1F             21     DELY:   MOV R3, #01FH
003D 79FF             22     DLY0:   MOV R1, #0FFH
003F 7AFF             23     DLY1:   MOV R2, #0FFH
0041 DAFE             24     DLY2:   DJNZ R2, DLY2
0043 D9FA             25                     DJNZ R1, DLY1
0045 DBF6             26                     DJNZ R3, DLY0
0047 22               27                     RET
0048 7401             28     BOUNC:  MOV A,#01H      
004A 7807             29                     MOV R0,#07H
004C 7C07             30                     MOV R4,#07H     
004E F590             31     MLEFT:  MOV P1, A
0050 23               32                     RL A
0051 113B             33                     ACALL DELY
0053 D8F9             34                     DJNZ R0,MLEFT
0055 F590             35     RIGHT:  MOV P1, A
0057 03               36                     RR A
0058 113B             37                     ACALL DELY
005A DCF9             38                     DJNZ R4,RIGHT
005C 22               39                     RET
005D 7401             40     CHASE:  MOV A,#01H
005F 7808             41                     MOV R0,#08H
0061 F590             42     CLEFT:  MOV P1, A
0063 23               43                     RL A
0064 113B             44                     ACALL DELY
0066 D8F9             45                     DJNZ R0,CLEFT
0068 22               46                     RET
                      47                     
                      48     END
A51 MACRO ASSEMBLER  LAB5TASK1                                                            10/10/2014 09:40:03 PAGE     2

SYMBOL TABLE LISTING
------ ----- -------


N A M E             T Y P E  V A L U E   ATTRIBUTES

BOUNC. . . . . . .  C ADDR   0048H   A   
CHASE. . . . . . .  C ADDR   005DH   A   
CLEFT. . . . . . .  C ADDR   0061H   A   
DELY . . . . . . .  C ADDR   003BH   A   
DLY0 . . . . . . .  C ADDR   003DH   A   
DLY1 . . . . . . .  C ADDR   003FH   A   
DLY2 . . . . . . .  C ADDR   0041H   A   
LOOP . . . . . . .  C ADDR   0032H   A   
MAIN . . . . . . .  C ADDR   0030H   A   
MLEFT. . . . . . .  C ADDR   004EH   A   
P0 . . . . . . . .  D ADDR   0080H   A   
P1 . . . . . . . .  D ADDR   0090H   A   
PINON. . . . . . .  C ADDR   0037H   A   
RIGHT. . . . . . .  C ADDR   0055H   A   


REGISTER BANK(S) USED: 0 


ASSEMBLY COMPLETE.  0 WARNING(S), 0 ERROR(S)
